13:21:43 **** Incremental Build of configuration Debug for project img ****
make pre-build main-build 
a9-linaro-pre-build-step
' '
'Building file: ../src/helloworld.c'
'Invoking: ARM v7 gcc compiler'
arm-none-eabi-gcc -Wall -O0 -g3 -c -fmessage-length=0 -MT"src/helloworld.o" -mcpu=cortex-a9 -mfpu=vfpv3 -mfloat-abi=hard -I../../img_bsp/ps7_cortexa9_0/include -MMD -MP -MF"src/helloworld.d" -MT"src/helloworld.o" -o "src/helloworld.o" "../src/helloworld.c"
'Finished building: ../src/helloworld.c'
' '
'Building target: img.elf'
'Invoking: ARM v7 gcc linker'
arm-none-eabi-gcc -mcpu=cortex-a9 -mfpu=vfpv3 -mfloat-abi=hard -Wl,-build-id=none -specs=Xilinx.spec -Wl,-T -Wl,../src/lscript.ld -L../../img_bsp/ps7_cortexa9_0/lib -o "img.elf"  ./src/helloworld.o ./src/platform.o ./src/sd_card.o   -lxilffs -Wl,--start-group,-lxil,-lgcc,-lc,--end-group -Wl,--start-group,-lxilffs,-lxil,-lgcc,-lc,--end-group
'Finished building target: img.elf'
' '
'Invoking: ARM v7 Print Size'
arm-none-eabi-size img.elf  |tee "img.elf.size"
   text	   data	    bss	    dec	    hex	filename
2880596	   1272	  25952	2907820	 2c5eac	img.elf
'Finished building: img.elf.size'
' '

13:21:58 Build Finished (took 15s.220ms)

