09:36:36 **** Build of configuration Debug for project img_bsp_xilffs_polled_example_1 ****
make pre-build main-build 
a9-linaro-pre-build-step
' '
'Building file: ../src/xilffs_polled_example.c'
'Invoking: ARM v7 gcc compiler'
arm-none-eabi-gcc -Wall -O0 -g3 -c -fmessage-length=0 -MT"src/xilffs_polled_example.o" -mcpu=cortex-a9 -mfpu=vfpv3 -mfloat-abi=hard -I../../img_bsp/ps7_cortexa9_0/include -MMD -MP -MF"src/xilffs_polled_example.d" -MT"src/xilffs_polled_example.o" -o "src/xilffs_polled_example.o" "../src/xilffs_polled_example.c"
'Finished building: ../src/xilffs_polled_example.c'
' '
'Building target: img_bsp_xilffs_polled_example_1.elf'
'Invoking: ARM v7 gcc linker'
arm-none-eabi-gcc -mcpu=cortex-a9 -mfpu=vfpv3 -mfloat-abi=hard -Wl,-build-id=none -specs=Xilinx.spec -Wl,-T -Wl,../src/lscript.ld -L../../img_bsp/ps7_cortexa9_0/lib -o "img_bsp_xilffs_polled_example_1.elf"  ./src/xilffs_polled_example.o   -Wl,--start-group,-lxil,-lgcc,-lc,--end-group -Wl,--start-group,-lxilffs,-lxil,-lgcc,-lc,--end-group
'Finished building target: img_bsp_xilffs_polled_example_1.elf'
' '
'Invoking: ARM v7 Print Size'
arm-none-eabi-size img_bsp_xilffs_polled_example_1.elf  |tee "img_bsp_xilffs_polled_example_1.elf.size"
   text	   data	    bss	    dec	    hex	filename
 114144	   1220	20997504	21112868	1422824	img_bsp_xilffs_polled_example_1.elf
'Finished building: img_bsp_xilffs_polled_example_1.elf.size'
' '

09:36:36 Build Finished (took 857ms)

